// Jest Snapshot v1, https://goo.gl/fbAQLP

exports[`<ConventionModal /> should render 1`] = `
<div>
  <button
    data-testid="bt"
  >
    voir les conventions
  </button>
</div>
`;
